
===========================================================================
 report_power
============================================================================
======================= min_ss_100C_1v60 Corner ===================================

Group                    Internal    Switching      Leakage        Total
                            Power        Power        Power        Power (Watts)
------------------------------------------------------------------------
Sequential           3.844293e+24 1.852526e-04 1.945120e-06 3.844293e+24   0.5%
Combinational        2.873122e+26 5.333363e+26 2.041266e-04 8.206484e+26  99.5%
Clock                -8.174686e+20 1.040296e-04 4.274150e-07 -8.174686e+20  -0.0%
Macro                0.000000e+00 0.000000e+00 0.000000e+00 0.000000e+00   0.0%
Pad                  0.000000e+00 0.000000e+00 0.000000e+00 0.000000e+00   0.0%
------------------------------------------------------------------------
Total                2.911556e+26 5.333363e+26 2.064989e-04 8.244918e+26 100.0%
                            35.3%        64.7%         0.0%

