
===========================================================================
 report_power
============================================================================
======================= nom_ff_n40C_1v95 Corner ===================================

Group                    Internal    Switching      Leakage        Total
                            Power        Power        Power        Power (Watts)
------------------------------------------------------------------------
Sequential           6.020243e+24 2.602825e-04 2.327442e-09 6.020243e+24   0.7%
Combinational        4.403744e+26 3.906466e+26 4.814521e-07 8.310210e+26  99.3%
Clock                0.000000e+00 0.000000e+00 0.000000e+00 0.000000e+00   0.0%
Macro                0.000000e+00 0.000000e+00 0.000000e+00 0.000000e+00   0.0%
Pad                  0.000000e+00 0.000000e+00 0.000000e+00 0.000000e+00   0.0%
------------------------------------------------------------------------
Total                4.463946e+26 3.906466e+26 4.837793e-07 8.370412e+26 100.0%
                            53.3%        46.7%         0.0%

