┏━━━━━━━━━━━━━━━━━━━━━━┳━━━━━━━━━━┳━━━━━━━━━━┳━━━━━━━━━━┳━━━━━━━━━━┳━━━━━━━━━━━┳━━━━━━━━━━┳━━━━━━━━━━━┳━━━━━━━━━━┳━━━━━━━━━━━┳━━━━━━━━━━┳━━━━━━━━━━━┳━━━━━━━━━━┓
┃                      ┃ Hold     ┃ Reg to   ┃          ┃          ┃ of which  ┃ Setup    ┃           ┃          ┃           ┃ of which ┃           ┃          ┃
┃                      ┃ Worst    ┃ Reg      ┃          ┃ Hold Vio ┃ reg to    ┃ Worst    ┃ Reg to    ┃ Setup    ┃ Setup Vio ┃ reg to   ┃ Max Cap   ┃ Max Slew ┃
┃ Corner/Group         ┃ Slack    ┃ Paths    ┃ Hold TNS ┃ Count    ┃ reg       ┃ Slack    ┃ Reg Paths ┃ TNS      ┃ Count     ┃ reg      ┃ Violatio… ┃ Violati… ┃
┡━━━━━━━━━━━━━━━━━━━━━━╇━━━━━━━━━━╇━━━━━━━━━━╇━━━━━━━━━━╇━━━━━━━━━━╇━━━━━━━━━━━╇━━━━━━━━━━╇━━━━━━━━━━━╇━━━━━━━━━━╇━━━━━━━━━━━╇━━━━━━━━━━╇━━━━━━━━━━━╇━━━━━━━━━━┩
│ Overall              │ 4.8121   │ N/A      │ 0.0000   │ 0        │ 0         │ -233.19… │ N/A       │ -28966.… │ 384       │ 0        │ 61        │ 15864    │
│ nom_tt_025C_1v80     │ 4.8333   │ N/A      │ 0.0000   │ 0        │ 0         │ -109.77… │ N/A       │ -13614.… │ 128       │ 0        │ 60        │ 5536     │
│ nom_ss_100C_1v60     │ 4.9403   │ N/A      │ 0.0000   │ 0        │ 0         │ -233.19… │ N/A       │ -28966.… │ 128       │ 0        │ 60        │ 15864    │
│ nom_ff_n40C_1v95     │ 4.8121   │ N/A      │ 0.0000   │ 0        │ 0         │ -60.5660 │ N/A       │ -7483.4… │ 128       │ 0        │ 61        │ 1703     │
└──────────────────────┴──────────┴──────────┴──────────┴──────────┴───────────┴──────────┴───────────┴──────────┴───────────┴──────────┴───────────┴──────────┘
