
===========================================================================
 report_power
============================================================================
======================= nom_tt_025C_1v80 Corner ===================================

Group                    Internal    Switching      Leakage        Total
                            Power        Power        Power        Power (Watts)
------------------------------------------------------------------------
Sequential           5.305938e+24 2.210634e-04 1.090070e-09 5.305938e+24   0.7%
Combinational        3.909949e+26 3.317722e+26 1.676126e-07 7.227672e+26  99.3%
Clock                0.000000e+00 0.000000e+00 0.000000e+00 0.000000e+00   0.0%
Macro                0.000000e+00 0.000000e+00 0.000000e+00 0.000000e+00   0.0%
Pad                  0.000000e+00 0.000000e+00 0.000000e+00 0.000000e+00   0.0%
------------------------------------------------------------------------
Total                3.963008e+26 3.317722e+26 1.687027e-07 7.280731e+26 100.0%
                            54.4%        45.6%         0.0%

