
===========================================================================
 report_power
============================================================================
======================= nom_ss_100C_1v60 Corner ===================================

Group                    Internal    Switching      Leakage        Total
                            Power        Power        Power        Power (Watts)
------------------------------------------------------------------------
Sequential           3.999730e+24 1.741582e-04 1.978043e-06 3.999730e+24   0.7%
Combinational        3.210347e+26 2.611690e+26 2.245888e-04 5.822037e+26  99.3%
Clock                0.000000e+00 0.000000e+00 0.000000e+00 0.000000e+00   0.0%
Macro                0.000000e+00 0.000000e+00 0.000000e+00 0.000000e+00   0.0%
Pad                  0.000000e+00 0.000000e+00 0.000000e+00 0.000000e+00   0.0%
------------------------------------------------------------------------
Total                3.250346e+26 2.611690e+26 2.265671e-04 5.862036e+26 100.0%
                            55.4%        44.6%         0.0%

