
===========================================================================
 report_power
============================================================================
======================= nom_ss_100C_1v60 Corner ===================================

Group                    Internal    Switching      Leakage        Total
                            Power        Power        Power        Power (Watts)
------------------------------------------------------------------------
Sequential           3.841133e+24 2.000013e-04 1.945120e-06 3.841133e+24   0.5%
Combinational        2.872789e+26 5.618382e+26 2.041266e-04 8.491171e+26  99.5%
Clock                -8.827522e+20 1.112044e-04 4.274150e-07 -8.827522e+20  -0.0%
Macro                0.000000e+00 0.000000e+00 0.000000e+00 0.000000e+00   0.0%
Pad                  0.000000e+00 0.000000e+00 0.000000e+00 0.000000e+00   0.0%
------------------------------------------------------------------------
Total                2.911191e+26 5.618382e+26 2.064989e-04 8.529573e+26 100.0%
                            34.1%        65.9%         0.0%

