
===========================================================================
 report_power
============================================================================
======================= min_tt_025C_1v80 Corner ===================================

Group                    Internal    Switching      Leakage        Total
                            Power        Power        Power        Power (Watts)
------------------------------------------------------------------------
Sequential           5.250817e+24 2.353429e-04 1.089524e-09 5.250817e+24   0.5%
Combinational        4.120988e+26 6.759665e+26 1.541006e-07 1.088065e+27  99.5%
Clock                -2.812937e+20 1.341834e-04 6.122549e-08 -2.812937e+20  -0.0%
Macro                0.000000e+00 0.000000e+00 0.000000e+00 0.000000e+00   0.0%
Pad                  0.000000e+00 0.000000e+00 0.000000e+00 0.000000e+00   0.0%
------------------------------------------------------------------------
Total                4.173492e+26 6.759665e+26 2.164151e-07 1.093316e+27 100.0%
                            38.2%        61.8%         0.0%

