
===========================================================================
 report_power
============================================================================
======================= nom_tt_025C_1v80 Corner ===================================

Group                    Internal    Switching      Leakage        Total
                            Power        Power        Power        Power (Watts)
------------------------------------------------------------------------
Sequential           5.249394e+24 2.540093e-04 1.089524e-09 5.249394e+24   0.5%
Combinational        4.119992e+26 7.120393e+26 1.541006e-07 1.124038e+27  99.5%
Clock                -4.737391e+20 1.432640e-04 6.122549e-08 -4.737391e+20  -0.0%
Macro                0.000000e+00 0.000000e+00 0.000000e+00 0.000000e+00   0.0%
Pad                  0.000000e+00 0.000000e+00 0.000000e+00 0.000000e+00   0.0%
------------------------------------------------------------------------
Total                4.172481e+26 7.120393e+26 2.164151e-07 1.129287e+27 100.0%
                            36.9%        63.1%         0.0%

