
===========================================================================
 report_power
============================================================================
======================= nom_tt_025C_1v80 Corner ===================================

Group                    Internal    Switching      Leakage        Total
                            Power        Power        Power        Power (Watts)
------------------------------------------------------------------------
Sequential           5.254045e+24 1.536162e-04 1.089524e-09 5.254045e+24   0.6%
Combinational        3.967712e+26 4.988950e+26 1.516841e-07 8.956662e+26  99.4%
Clock                1.302327e-04 4.955593e-05 2.337806e-09 1.797909e-04   0.0%
Macro                0.000000e+00 0.000000e+00 0.000000e+00 0.000000e+00   0.0%
Pad                  0.000000e+00 0.000000e+00 0.000000e+00 0.000000e+00   0.0%
------------------------------------------------------------------------
Total                4.020251e+26 4.988950e+26 1.551111e-07 9.009201e+26 100.0%
                            44.6%        55.4%         0.0%
Writing metric power__internal__total: 4.02025093715469e+26
Writing metric power__switching__total: 4.98894997378574e+26
Writing metric power__leakage__total: 1.551111381559167e-7
Writing metric power__total: 9.00920091094043e+26

