
===========================================================================
 report_power
============================================================================
======================= nom_ff_n40C_1v95 Corner ===================================

Group                    Internal    Switching      Leakage        Total
                            Power        Power        Power        Power (Watts)
------------------------------------------------------------------------
Sequential           6.040024e+24 2.992301e-04 2.207813e-09 6.040024e+24   0.5%
Combinational        4.669240e+26 8.362340e+26 4.094819e-07 1.303158e+27  99.5%
Clock                -2.076344e+21 1.696728e-04 7.277494e-08 -2.076344e+21  -0.0%
Macro                0.000000e+00 0.000000e+00 0.000000e+00 0.000000e+00   0.0%
Pad                  0.000000e+00 0.000000e+00 0.000000e+00 0.000000e+00   0.0%
------------------------------------------------------------------------
Total                4.729620e+26 8.362340e+26 4.844641e-07 1.309196e+27 100.0%
                            36.1%        63.9%         0.0%

