
===========================================================================
 report_power
============================================================================
======================= nom_tt_025C_1v80 Corner ===================================

Group                    Internal    Switching      Leakage        Total
                            Power        Power        Power        Power (Watts)
------------------------------------------------------------------------
Sequential           5.254142e+24 1.546815e-04 1.089524e-09 5.254142e+24   0.6%
Combinational        4.122679e+26 5.102308e+26 1.541006e-07 9.224987e+26  99.4%
Clock                1.302327e-04 4.955593e-05 2.337806e-09 1.797909e-04   0.0%
Macro                0.000000e+00 0.000000e+00 0.000000e+00 0.000000e+00   0.0%
Pad                  0.000000e+00 0.000000e+00 0.000000e+00 0.000000e+00   0.0%
------------------------------------------------------------------------
Total                4.175219e+26 5.102308e+26 1.575277e-07 9.277527e+26 100.0%
                            45.0%        55.0%         0.0%
Writing metric power__internal__total: 4.1752187137039906e+26
Writing metric power__switching__total: 5.102308167597737e+26
Writing metric power__leakage__total: 1.5752765136767266e-7
Writing metric power__total: 9.27752725023661e+26

