
===========================================================================
 report_power
============================================================================
======================= max_ff_n40C_1v95 Corner ===================================

Group                    Internal    Switching      Leakage        Total
                            Power        Power        Power        Power (Watts)
------------------------------------------------------------------------
Sequential           6.054296e+24 3.185121e-04 2.207813e-09 6.054296e+24   0.4%
Combinational        4.673047e+26 8.736762e+26 4.094819e-07 1.340981e+27  99.6%
Clock                -2.253855e+21 1.799358e-04 7.277494e-08 -2.253855e+21  -0.0%
Macro                0.000000e+00 0.000000e+00 0.000000e+00 0.000000e+00   0.0%
Pad                  0.000000e+00 0.000000e+00 0.000000e+00 0.000000e+00   0.0%
------------------------------------------------------------------------
Total                4.733568e+26 8.736762e+26 4.844641e-07 1.347033e+27 100.0%
                            35.1%        64.9%         0.0%

