
===========================================================================
 report_power
============================================================================
======================= nom_tt_025C_1v80 Corner ===================================

Group                    Internal    Switching      Leakage        Total
                            Power        Power        Power        Power (Watts)
------------------------------------------------------------------------
Sequential           5.255028e+24 1.144763e-04 1.089524e-09 5.255028e+24   0.6%
Combinational        4.120064e+26 4.692136e+26 1.541006e-07 8.812200e+26  99.4%
Clock                4.810098e+20 6.952546e-05 2.340429e-09 4.810098e+20   0.0%
Macro                0.000000e+00 0.000000e+00 0.000000e+00 0.000000e+00   0.0%
Pad                  0.000000e+00 0.000000e+00 0.000000e+00 0.000000e+00   0.0%
------------------------------------------------------------------------
Total                4.172620e+26 4.692136e+26 1.575277e-07 8.864756e+26 100.0%
                            47.1%        52.9%         0.0%
Writing metric power__internal__total: 4.1726199363988864e+26
Writing metric power__switching__total: 4.69213595868165e+26
Writing metric power__leakage__total: 1.5752766557852738e-7
Writing metric power__total: 8.864755526145655e+26

