
===========================================================================
 report_power
============================================================================
======================= max_ss_100C_1v60 Corner ===================================

Group                    Internal    Switching      Leakage        Total
                            Power        Power        Power        Power (Watts)
------------------------------------------------------------------------
Sequential           3.835567e+24 2.129828e-04 1.945120e-06 3.835567e+24   0.4%
Combinational        2.872001e+26 5.870465e+26 2.041266e-04 8.742467e+26  99.6%
Clock                -9.602052e+20 1.181139e-04 4.274150e-07 -9.602052e+20  -0.0%
Macro                0.000000e+00 0.000000e+00 0.000000e+00 0.000000e+00   0.0%
Pad                  0.000000e+00 0.000000e+00 0.000000e+00 0.000000e+00   0.0%
------------------------------------------------------------------------
Total                2.910348e+26 5.870465e+26 2.064989e-04 8.780813e+26 100.0%
                            33.1%        66.9%         0.0%

