┏━━━━━━━━━━━━━━━━━━━━━━┳━━━━━━━━━━┳━━━━━━━━━━┳━━━━━━━━━━┳━━━━━━━━━━┳━━━━━━━━━━━┳━━━━━━━━━━┳━━━━━━━━━━━┳━━━━━━━━━━┳━━━━━━━━━━━┳━━━━━━━━━━┳━━━━━━━━━━━┳━━━━━━━━━━┓
┃                      ┃ Hold     ┃ Reg to   ┃          ┃          ┃ of which  ┃ Setup    ┃           ┃          ┃           ┃ of which ┃           ┃          ┃
┃                      ┃ Worst    ┃ Reg      ┃          ┃ Hold Vio ┃ reg to    ┃ Worst    ┃ Reg to    ┃ Setup    ┃ Setup Vio ┃ reg to   ┃ Max Cap   ┃ Max Slew ┃
┃ Corner/Group         ┃ Slack    ┃ Paths    ┃ Hold TNS ┃ Count    ┃ reg       ┃ Slack    ┃ Reg Paths ┃ TNS      ┃ Count     ┃ reg      ┃ Violatio… ┃ Violati… ┃
┡━━━━━━━━━━━━━━━━━━━━━━╇━━━━━━━━━━╇━━━━━━━━━━╇━━━━━━━━━━╇━━━━━━━━━━╇━━━━━━━━━━━╇━━━━━━━━━━╇━━━━━━━━━━━╇━━━━━━━━━━╇━━━━━━━━━━━╇━━━━━━━━━━╇━━━━━━━━━━━╇━━━━━━━━━━┩
│ Overall              │ 2.8353   │ N/A      │ 0.0000   │ 0        │ 0         │ -237.73… │ N/A       │ -29569.… │ 1152      │ 0        │ 95        │ 4104     │
│ nom_tt_025C_1v80     │ 3.6939   │ N/A      │ 0.0000   │ 0        │ 0         │ -114.52… │ N/A       │ -14213.… │ 128       │ 0        │ 28        │ 250      │
│ nom_ss_100C_1v60     │ 2.9263   │ N/A      │ 0.0000   │ 0        │ 0         │ -232.90… │ N/A       │ -28964.… │ 128       │ 0        │ 52        │ 3218     │
│ nom_ff_n40C_1v95     │ 4.0251   │ N/A      │ 0.0000   │ 0        │ 0         │ -66.1478 │ N/A       │ -8182.5… │ 128       │ 0        │ 28        │ 68       │
│ min_tt_025C_1v80     │ 3.7678   │ N/A      │ 0.0000   │ 0        │ 0         │ -111.16… │ N/A       │ -13794.… │ 128       │ 0        │ 16        │ 198      │
│ min_ss_100C_1v60     │ 3.0565   │ N/A      │ 0.0000   │ 0        │ 0         │ -227.12… │ N/A       │ -28243.… │ 128       │ 0        │ 35        │ 2264     │
│ min_ff_n40C_1v95     │ 4.0755   │ N/A      │ 0.0000   │ 0        │ 0         │ -63.9017 │ N/A       │ -7902.2… │ 128       │ 0        │ 15        │ 38       │
│ max_tt_025C_1v80     │ 3.6388   │ N/A      │ 0.0000   │ 0        │ 0         │ -117.39… │ N/A       │ -14572.… │ 128       │ 0        │ 66        │ 267      │
│ max_ss_100C_1v60     │ 2.8353   │ N/A      │ 0.0000   │ 0        │ 0         │ -237.73… │ N/A       │ -29569.… │ 128       │ 0        │ 95        │ 4104     │
│ max_ff_n40C_1v95     │ 3.9873   │ N/A      │ 0.0000   │ 0        │ 0         │ -68.1628 │ N/A       │ -8434.8… │ 128       │ 0        │ 66        │ 89       │
└──────────────────────┴──────────┴──────────┴──────────┴──────────┴───────────┴──────────┴───────────┴──────────┴───────────┴──────────┴───────────┴──────────┘
