
===========================================================================
 report_power
============================================================================
======================= max_tt_025C_1v80 Corner ===================================

Group                    Internal    Switching      Leakage        Total
                            Power        Power        Power        Power (Watts)
------------------------------------------------------------------------
Sequential           5.248251e+24 2.704388e-04 1.089524e-09 5.248251e+24   0.5%
Combinational        4.118872e+26 7.439427e+26 1.541006e-07 1.155830e+27  99.5%
Clock                -7.096005e+20 1.520089e-04 6.122549e-08 -7.096005e+20  -0.0%
Macro                0.000000e+00 0.000000e+00 0.000000e+00 0.000000e+00   0.0%
Pad                  0.000000e+00 0.000000e+00 0.000000e+00 0.000000e+00   0.0%
------------------------------------------------------------------------
Total                4.171347e+26 7.439427e+26 2.164151e-07 1.161077e+27 100.0%
                            35.9%        64.1%         0.0%

