
===========================================================================
 report_power
============================================================================
======================= nom_tt_025C_1v80 Corner ===================================

Group                    Internal    Switching      Leakage        Total
                            Power        Power        Power        Power (Watts)
------------------------------------------------------------------------
Sequential           5.306646e+24 3.142047e-04 1.090070e-09 5.306646e+24   0.6%
Combinational        3.920983e+26 5.011841e+26 1.676126e-07 8.932824e+26  99.4%
Clock                0.000000e+00 0.000000e+00 2.099556e-09 2.099556e-09   0.0%
Macro                0.000000e+00 0.000000e+00 0.000000e+00 0.000000e+00   0.0%
Pad                  0.000000e+00 0.000000e+00 0.000000e+00 0.000000e+00   0.0%
------------------------------------------------------------------------
Total                3.974049e+26 5.011841e+26 1.708022e-07 8.985890e+26 100.0%
                            44.2%        55.8%         0.0%
Writing metric power__internal__total: 3.974049221947677e+26
Writing metric power__switching__total: 5.0118412763765694e+26
Writing metric power__leakage__total: 1.7080222391996358e-7
Writing metric power__total: 8.985890129389365e+26

